# kmom 1

## ssh
$ ssh-keygen -t rsa
$ ssh-copy-id -i $HOME/.ssh/id_rsa.pub -p 2222 nesko@linux.dbwebb.se

## rsync
$ rsync <options> <source> <target>

-avz är kommandots “options”.
-a står för “archive” och gör i sin tur en hel del:

    Kopierar rekursivt filer och mappar (-r)
    Kopierar symlänkar (-l)
    Behåller rättigheter (-p)
    och mer…

-e. Det talar om att vi vill använda ett “remote shell”, i detta fallet SSH.
-v betyder att utskrifterna är “verbosa”, vi får se mer text.
-z betyder att datan komprimeras under flytten.

När vi använder ett / på slutet talar vi om att det är innehållet vi vill jobba med.
Saknas / i slutet kopieras hela mappen och inte bara innehållet

$ rsync <options> <source> username@hostname:<target>
$ rsync <options> username@hostname:<source> <target>

Hade jag velat kopiera från studentservern till min lokala maskin hade då sett ut som följer:
$ rsync -avz -e "ssh" necu20@ssh.student.bth.se:www/dbwebb-kurser/demo1 .

## tmux
Förvald prefix: ctrl-b

$ sudo apt install tmux

Visa aktiva sessioner:
$ tmux ls
0: 1 windows (created Wed Jul  1 09:52:52 2015) [196x58]
1: 1 windows (created Wed Jul  1 09:59:44 2015) [196x58]

Anslut till en aktiv session:
$ tmux attach -t 0
$ tmux a -t 0

Skapa en namngiven session:
$ tmux new -s vlinux

Lägg i ~/.bashrc
alias tvs='tmux new -s vlinux'
alias tv='tmux attach -t vlinux'

Radera vald tmux-session:
$ tmux kill-session -t 0
$ tmux kill-session -t basic

Ta bort samtliga sessioner och avsluta tmux:
$ tmux kill-server

Panes
När du startar tmux så får du upp en svart skärm, det är ett fönster, ett window.
Du kan nu dela in detta fönster i olika delar, panes.
Man kan förstora och förminska en pane genom att trycka prefix + ctrl <piltangent>

prefix % 	Dela upp nuvarande pane i två delar, splitta vertikalt.
prefix " 	Dela upp nuvarande pane i två delar, splitta horisontellt.
prefix x 	Ta bort den pane du står i.

Windows
Du kan skapa nya fönster, windows, och hoppa mellan dem. Följande kommando hjälper dig att jobba med fönster.
prefix c 	Skapa ett nytt fönster som får ett id som visas i statuspanelen i botten.
prefix , 	Byt namn på fönstret, namnet visas i statuspanelen.
prefix <id> 	Flytta till ett visst fönster som har ett id, prefix + 1 flyttar till det fönster som har id 1.
prefix & 	Ta bort det fönster du står i.

Man navigerar mellan dessa panes med prefix följt av piltangenterna för upp, ned, höger, vänster.
Man kan förstora och förminska en pane genom att trycka prefix + ctrl <piltangent>

## Apache
$ sudo apt-get install apache2
$ sudo service apache2 status

$ sudo apt install lynx
$ sudo apt install neovim

$ cd /etc/apache2/sites-available
$ sudo cp 000-default.conf linux.dbwebb.se.conf
$ sudo linux nvim.dbwebb.se.conf

$ mkdir -p $HOME/vhosts/linux.dbwebb.se/htdocs

$ sudo a2ensite linux.dbwebb.se
$ sudo service apache2 reload / sudo systemctl reload apache2

$ sudo tail -f /var/log/apache2/error.log
$ tail -f $HOME/vhosts/linux.dbwebb.se/error.log

### Check status of apache
$ sudo service apache2 status

### Check configuration file for errors
$ apachectl configtest
$ apachectl -t

### List virtual hosts with settings
$ apachectl -S

### Stop and start the service
$ sudo service apache2 start
$ sudo apachectl start

$ sudo service apache2 stop
$ sudo apachectl stop# Check status of apache
$ sudo service apache2 status

### Check configuration file for errors
$ apachectl configtest
$ apachectl -t

### List virtual hosts with settings
$ apachectl -S

### Stop and start the service
$ sudo service apache2 start
$ sudo apachectl start

$ sudo service apache2 stop
$ sudo apachectl stop Check status of apache
$ sudo service apache2 status

### Check configuration file for errors
$ apachectl configtest
$ apachectl -t

### Stop and start the service
$ sudo service apache2 start
$ sudo apachectl start

$ sudo service apache2 stop
$ sudo apachectl stop

## Roliga verktyg
Cowsay
$ sudo apt install cowsay
Asciinema
$ sudo apt install asciinema

## Virtuell maskin
namn: debian-vlinux
OS: Debian 5.10-46-4
IPv4: 10.0.2.15
uname -a: Linux debian-vlinux 5.10.0-8-amd64 #1 SMP Debian 5.10.46-4 (2021-08-03) x86_64 GNU/Linux
asciinema play kmom01.cast

